Microsoft Windows [Version 10.0.22631.3085]
(c) Microsoft Corporation. All rights reserved.

E:\Desktop\git_cmd>git clone https://github.com/2002mk/git_Practice_cmd.git
Cloning into 'git_Practice_cmd'...
remote: Enumerating objects: 3, done.
remote: Counting objects: 100% (3/3), done.
remote: Total 3 (delta 0), reused 0 (delta 0), pack-reused 0
Receiving objects: 100% (3/3), done.

E:\Desktop\git_cmd>cd git_Practice_cmd

E:\Desktop\git_cmd\git_Practice_cmd>git status
On branch main
Your branch is up to date with 'origin/main'.

Untracked files:
  (use "git add <file>..." to include in what will be committed)
        test2.txt

nothing added to commit but untracked files present (use "git add" to track)

E:\Desktop\git_cmd\git_Practice_cmd>git add text2/txt
fatal: pathspec 'text2/txt' did not match any files

E:\Desktop\git_cmd\git_Practice_cmd>git add text2.txt 
fatal: pathspec 'text2.txt' did not match any files

E:\Desktop\git_cmd\git_Practice_cmd>git add test2.txt 

E:\Desktop\git_cmd\git_Practice_cmd>git status 
On branch main
Your branch is up to date with 'origin/main'.

Changes to be committed:
  (use "git restore --staged <file>..." to unstage)
        new file:   test2.txt


E:\Desktop\git_cmd\git_Practice_cmd>git commit -m "test2.txt file added
[main 0d9c58a] test2.txt file added
 1 file changed, 0 insertions(+), 0 deletions(-)
 create mode 100644 test2.txt

E:\Desktop\git_cmd\git_Practice_cmd>git push origin main
Enumerating objects: 4, done.
Counting objects: 100% (4/4), done.
Delta compression using up to 8 threads
Compressing objects: 100% (2/2), done.
Writing objects: 100% (3/3), 276 bytes | 276.00 KiB/s, done.
Total 3 (delta 0), reused 0 (delta 0), pack-reused 0
To https://github.com/2002mk/git_Practice_cmd.git
   9e04694..0d9c58a  main -> main

E:\Desktop\git_cmd\git_Practice_cmd>git add cmd.txt

E:\Desktop\git_cmd\git_Practice_cmd>git commit -m "terminal commandes"
[main 3961c73] terminal commandes
 1 file changed, 0 insertions(+), 0 deletions(-)
 create mode 100644 cmd.txt

E:\Desktop\git_cmd\git_Practice_cmd>git status
On branch main
Your branch is ahead of 'origin/main' by 1 commit.
  (use "git push" to publish your local commits)

nothing to commit, working tree clean

E:\Desktop\git_cmd\git_Practice_cmd>git push origin main
Enumerating objects: 3, done.
Counting objects: 100% (3/3), done.
Delta compression using up to 8 threads
Compressing objects: 100% (2/2), done.
Writing objects: 100% (2/2), 271 bytes | 271.00 KiB/s, done.
Total 2 (delta 0), reused 0 (delta 0), pack-reused 0
To https://github.com/2002mk/git_Practice_cmd.git
   0d9c58a..3961c73  main -> main
   E:\Desktop\git_cmd\git_Practice_cmd>git add cmd.txt   

E:\Desktop\git_cmd\git_Practice_cmd>git commit -m "added few more commandes"
[main 02fabbf] added few more commandes
 1 file changed, 77 insertions(+)

E:\Desktop\git_cmd\git_Practice_cmd>git push origin main  
Enumerating objects: 5, done.
Counting objects: 100% (5/5), done.
Delta compression using up to 8 threads
Compressing objects: 100% (3/3), done.
Writing objects: 100% (3/3), 1.08 KiB | 1.08 MiB/s, done.
Total 3 (delta 0), reused 0 (delta 0), pack-reused 0
To https://github.com/2002mk/git_Practice_cmd.git
   3961c73..02fabbf  main -> main
   Microsoft Windows [Version 10.0.22631.3085]
(c) Microsoft Corporation. All rights reserved.

E:\Desktop\git_cmd>git add .
fatal: not a git repository (or any of the parent directories): .git

E:\Desktop\git_cmd>cd git_Practice_cmd

E:\Desktop\git_cmd\git_Practice_cmd>git add .

E:\Desktop\git_cmd\git_Practice_cmd>git status
On branch main
Your branch is up to date with 'origin/main'.

Changes to be committed:
  (use "git restore --staged <file>..." to unstage)
        modified:   cmd.txt


E:\Desktop\git_cmd\git_Practice_cmd>git commit -m "add the next git cmd "
[main 12dbd39] add the next git cmd
 1 file changed, 16 insertions(+), 1 deletion(-)

E:\Desktop\git_cmd\git_Practice_cmd>git add .

E:\Desktop\git_cmd\git_Practice_cmd>git commit -m "created new file"
[main 239406c] created new file
 1 file changed, 0 insertions(+), 0 deletions(-)
 create mode 100644 test3.txt

E:\Desktop\git_cmd\git_Practice_cmd>git push origin main
Enumerating objects: 7, done.
Counting objects: 100% (7/7), done.
Delta compression using up to 8 threads
Compressing objects: 100% (5/5), done.
Writing objects: 100% (5/5), 681 bytes | 681.00 KiB/s, done.
Total 5 (delta 2), reused 0 (delta 0), pack-reused 0
remote: Resolving deltas: 100% (2/2), completed with 1 local object.
To https://github.com/2002mk/git_Practice_cmd.git
   02fabbf..239406c  main -> main

E:\Desktop\git_cmd\git_Practice_cmd>git add .

E:\Desktop\git_cmd\git_Practice_cmd>git commit -m "deleted a file to check the verification"
[main c709f6b] deleted a file to check the verification
 1 file changed, 0 insertions(+), 0 deletions(-)
 delete mode 100644 test3.txt

E:\Desktop\git_cmd\git_Practice_cmd>git push origin main
Enumerating objects: 3, done.
Counting objects: 100% (3/3), done.
Delta compression using up to 8 threads
Compressing objects: 100% (2/2), done.
Writing objects: 100% (2/2), 238 bytes | 238.00 KiB/s, done.
Total 2 (delta 1), reused 0 (delta 0), pack-reused 0
remote: Resolving deltas: 100% (1/1), completed with 1 local object.
To https://github.com/2002mk/git_Practice_cmd.git
   239406c..c709f6b  main -> main

E:\Desktop\git_cmd\git_Practice_cmd>git pull
remote: Enumerating objects: 4, done.
remote: Counting objects: 100% (4/4), done.
remote: Compressing objects: 100% (2/2), done.
remote: Total 3 (delta 0), reused 0 (delta 0), pack-reused 0
Unpacking objects: 100% (3/3), 1010 bytes | 112.00 KiB/s, done.
From https://github.com/2002mk/git_Practice_cmd
   c709f6b..6ee351f  main       -> origin/main
Updating c709f6b..6ee351f
Fast-forward
 dummy.txt | 1 +
 1 file changed, 1 insertion(+)
 create mode 100644 dummy.txt
 
E:\Desktop\git_cmd\git_Practice_cmd>cd ..

E:\Desktop\git_cmd>cd git_practice_cmd_in_pc

E:\Desktop\git_cmd\git_practice_cmd_in_pc>git init
Initialized empty Git repository in E:/Desktop/git_cmd/git_practice_cmd_in_pc/.git/

E:\Desktop\git_cmd\git_practice_cmd_in_pc>
E:\Desktop\git_cmd\git_practice_cmd_in_pc>git add .

E:\Desktop\git_cmd\git_practice_cmd_in_pc>git commit -m "created new empty reprository in this system"
[master (root-commit) a9d683c] created new empty reprository in this system
 2 files changed, 0 insertions(+), 0 deletions(-)
 create mode 100644 indx.html
 create mode 100644 style.css

E:\Desktop\git_cmd\git_practice_cmd_in_pc>git remote add origin https://github.com/2002mk/git_Practice_cmd2.git

E:\Desktop\git_cmd\git_practice_cmd_in_pc>git branch
* master

E:\Desktop\git_cmd\git_practice_cmd_in_pc>git push origin main
error: src refspec main does not match any
error: failed to push some refs to 'https://github.com/2002mk/git_Practice_cmd2.git'

E:\Desktop\git_cmd\git_practice_cmd_in_pc>git branch -M main  

E:\Desktop\git_cmd\git_practice_cmd_in_pc>git push origin main
Enumerating objects: 3, done.
Counting objects: 100% (3/3), done.
Delta compression using up to 8 threads
Compressing objects: 100% (2/2), done.
Writing objects: 100% (3/3), 247 bytes | 247.00 KiB/s, done.
Total 3 (delta 0), reused 0 (delta 0), pack-reused 0
To https://github.com/2002mk/git_Practice_cmd2.git
 * [new branch]      main -> main

E:\Desktop\git_cmd\git_practice_cmd_in_pc>git status
On branch main
Untracked files:
  (use "git add <file>..." to include in what will be committed)
        text1.txt

nothing added to commit but untracked files present (use "git add" to track)

E:\Desktop\git_cmd\git_practice_cmd_in_pc>git add .

E:\Desktop\git_cmd\git_practice_cmd_in_pc>git commit -m "text one file is added
[main b896266] text one file is added
 1 file changed, 0 insertions(+), 0 deletions(-)
 create mode 100644 text1.txt

E:\Desktop\git_cmd\git_practice_cmd_in_pc>git push origin master
error: src refspec master does not match any
error: failed to push some refs to 'https://github.com/2002mk/git_Practice_cmd2.git'

E:\Desktop\git_cmd\git_practice_cmd_in_pc>git push origin main  
Enumerating objects: 3, done.
Counting objects: 100% (3/3), done.
Delta compression using up to 8 threads
Compressing objects: 100% (2/2), done.
Writing objects: 100% (2/2), 268 bytes | 268.00 KiB/s, done.
Total 2 (delta 0), reused 0 (delta 0), pack-reused 0
To https://github.com/2002mk/git_Practice_cmd2.git
   a9d683c..b896266  main -> main

E:\Desktop\git_cmd\git_practice_cmd_in_pc>git branch -a
* main
  remotes/origin/main

E:\Desktop\git_cmd\git_practice_cmd_in_pc>git branch -a
* main
  remotes/origin/main

E:\Desktop\git_cmd\git_practice_cmd_in_pc>git pull
From https://github.com/2002mk/git_Practice_cmd2
 * [new branch]      gitBranch2 -> origin/gitBranch2
There is no tracking information for the current branch.
Please specify which branch you want to merge with.
See git-pull(1) for details.

    git pull <remote> <branch>

If you wish to set tracking information for this branch you can do so with:

    git branch --set-upstream-to=origin/<branch> main


E:\Desktop\git_cmd\git_practice_cmd_in_pc>git branch
* main

E:\Desktop\git_cmd\git_practice_cmd_in_pc>git branch -a
* main
  remotes/origin/gitBranch2
  remotes/origin/main

E:\Desktop\git_cmd\git_practice_cmd_in_pc>git checkout gitBranch2
Switched to a new branch 'gitBranch2'
branch 'gitBranch2' set up to track 'origin/gitBranch2'.

E:\Desktop\git_cmd\git_practice_cmd_in_pc>git branch -a
* gitBranch2
  main
  remotes/origin/gitBranch2
  remotes/origin/main

E:\Desktop\git_cmd\git_practice_cmd_in_pc>git status
On branch gitBranch2
Your branch is up to date with 'origin/gitBranch2'.

Untracked files:
  (use "git add <file>..." to include in what will be committed)
        newfile.txt

nothing added to commit but untracked files present (use "git add" to track)

E:\Desktop\git_cmd\git_practice_cmd_in_pc>git add .

E:\Desktop\git_cmd\git_practice_cmd_in_pc>git status     
On branch gitBranch2
Your branch is up to date with 'origin/gitBranch2'.

Changes to be committed:
  (use "git restore --staged <file>..." to unstage)
        new file:   newfile.txt


E:\Desktop\git_cmd\git_practice_cmd_in_pc>git commit -m "change in main repositioy"
[gitBranch2 49f741c] change in main repositioy
 1 file changed, 0 insertions(+), 0 deletions(-)
 create mode 100644 newfile.txt

E:\Desktop\git_cmd\git_practice_cmd_in_pc>git commit -m "change in branch"            
On branch gitBranch2
Your branch is ahead of 'origin/gitBranch2' by 1 commit.
  (use "git push" to publish your local commits)

nothing to commit, working tree clean

E:\Desktop\git_cmd\git_practice_cmd_in_pc>git push origin gitBranch1
error: src refspec gitBranch1 does not match any
error: failed to push some refs to 'https://github.com/2002mk/git_Practice_cmd2.git'

E:\Desktop\git_cmd\git_practice_cmd_in_pc>git push origin gitBranch2
Enumerating objects: 3, done.
Counting objects: 100% (3/3), done.
Delta compression using up to 8 threads
Compressing objects: 100% (2/2), done.
Writing objects: 100% (2/2), 245 bytes | 245.00 KiB/s, done.
Total 2 (delta 1), reused 0 (delta 0), pack-reused 0
remote: Resolving deltas: 100% (1/1), completed with 1 local object.
To https://github.com/2002mk/git_Practice_cmd2.git
   b896266..49f741c  gitBranch2 -> gitBranch2

E:\Desktop\git_cmd\git_practice_cmd_in_pc>git checkout main      
Switched to branch 'main'

E:\Desktop\git_cmd\git_practice_cmd_in_pc>dir
 Volume in drive E is New Volume
 Volume Serial Number is 3846-75DC

 Directory of E:\Desktop\git_cmd\git_practice_cmd_in_pc

01/25/2024  09:13 AM    <DIR>          .
01/25/2024  08:10 AM    <DIR>          ..
01/25/2024  08:11 AM                 0 indx.html
01/25/2024  08:17 AM                 0 style.css
01/25/2024  09:01 AM                 0 text1.txt
               3 File(s)              0 bytes
               2 Dir(s)   5,853,855,744 bytes free

E:\Desktop\git_cmd\git_practice_cmd_in_pc>git checkout gitBranch2
Switched to branch 'gitBranch2'
Your branch is up to date with 'origin/gitBranch2'.

E:\Desktop\git_cmd\git_practice_cmd_in_pc>dir
 Volume in drive E is New Volume
 Volume Serial Number is 3846-75DC

 Directory of E:\Desktop\git_cmd\git_practice_cmd_in_pc

01/25/2024  09:14 AM    <DIR>          .
01/25/2024  08:10 AM    <DIR>          ..
01/25/2024  08:11 AM                 0 indx.html
01/25/2024  09:14 AM                 0 newfile.txt
01/25/2024  08:17 AM                 0 style.css
01/25/2024  09:01 AM                 0 text1.txt
               4 File(s)              0 bytes
               2 Dir(s)   5,853,855,744 bytes free

E:\Desktop\git_cmd\git_practice_cmd_in_pc>git checkout main
Switched to branch 'main'

E:\Desktop\git_cmd\git_practice_cmd_in_pc>git diff gitBranch2
diff --git a/newfile.txt b/newfile.txt
deleted file mode 100644
index e69de29..0000000

E:\Desktop\git_cmd\git_practice_cmd_in_pc>git merge gitBranch2
Updating b896266..49f741c
Fast-forward
 newfile.txt | 0
 1 file changed, 0 insertions(+), 0 deletions(-)
 create mode 100644 newfile.txt

E:\Desktop\git_cmd\git_practice_cmd_in_pc>git push origin main
Total 0 (delta 0), reused 0 (delta 0), pack-reused 0
To https://github.com/2002mk/git_Practice_cmd2.git
   b896266..49f741c  main -> main

E:\Desktop\git_cmd\git_practice_cmd_in_pc>git branch newbranch3

E:\Desktop\git_cmd\git_practice_cmd_in_pc>git branch -a
  gitBranch2
* main
  newbranch3
  remotes/origin/gitBranch2
  remotes/origin/main

E:\Desktop\git_cmd\git_practice_cmd_in_pc>git branch   
  gitBranch2
* main
  newbranch3

E:\Desktop\git_cmd\git_practice_cmd_in_pc>git checkout newbranch3    
Switched to branch 'newbranch3'

E:\Desktop\git_cmd\git_practice_cmd_in_pc>git branch
  gitBranch2
  main
* newbranch3

E:\Desktop\git_cmd\git_practice_cmd_in_pc>git add .

E:\Desktop\git_cmd\git_practice_cmd_in_pc>git commit -m "create new branch to execute pull request in github"
[newbranch3 4ee4607] create new branch to execute pull request in github
 1 file changed, 0 insertions(+), 0 deletions(-)
 create mode 100644 newbranch3.txt

E:\Desktop\git_cmd\git_practice_cmd_in_pc>git push origin newbranch3 
Enumerating objects: 3, done.
Counting objects: 100% (3/3), done.
Delta compression using up to 8 threads
Compressing objects: 100% (2/2), done.
Writing objects: 100% (2/2), 262 bytes | 262.00 KiB/s, done.
Total 2 (delta 1), reused 0 (delta 0), pack-reused 0
remote: Resolving deltas: 100% (1/1), completed with 1 local object.
remote:
remote: Create a pull request for 'newbranch3' on GitHub by visiting:
remote:      https://github.com/2002mk/git_Practice_cmd2/pull/new/newbranch3
remote:
To https://github.com/2002mk/git_Practice_cmd2.git
 * [new branch]      newbranch3 -> newbranch3

E:\Desktop\git_cmd\git_practice_cmd_in_pc>git checkout main
Switched to branch 'main'
E:\Desktop\git_cmd>cd git_Practice_cmd

E:\Desktop\git_cmd\git_Practice_cmd>git add .

E:\Desktop\git_cmd\git_Practice_cmd>git commit -m "completion of lecture basic of github"
[main 98d93bc] completion of lecture basic of github
 1 file changed, 10 insertions(+), 1 deletion(-)

E:\Desktop\git_cmd\git_Practice_cmd>git push origin main
Enumerating objects: 5, done.
Counting objects: 100% (5/5), done.
Delta compression using up to 8 threads
Compressing objects: 100% (3/3), done.
Writing objects: 100% (3/3), 491 bytes | 491.00 KiB/s, done.
Total 3 (delta 1), reused 0 (delta 0), pack-reused 0
remote: Resolving deltas: 100% (1/1), completed with 1 local object.
To https://github.com/2002mk/git_Practice_cmd.git
   3d14334..98d93bc  main -> main
