Microsoft Windows [Version 10.0.22631.3085]
(c) Microsoft Corporation. All rights reserved.

E:\Desktop\git_cmd>git clone https://github.com/2002mk/git_Practice_cmd.git
Cloning into 'git_Practice_cmd'...
remote: Enumerating objects: 3, done.
remote: Counting objects: 100% (3/3), done.
remote: Total 3 (delta 0), reused 0 (delta 0), pack-reused 0
Receiving objects: 100% (3/3), done.

E:\Desktop\git_cmd>cd git_Practice_cmd

E:\Desktop\git_cmd\git_Practice_cmd>git status
On branch main
Your branch is up to date with 'origin/main'.

Untracked files:
  (use "git add <file>..." to include in what will be committed)
        test2.txt

nothing added to commit but untracked files present (use "git add" to track)

E:\Desktop\git_cmd\git_Practice_cmd>git add text2/txt
fatal: pathspec 'text2/txt' did not match any files

E:\Desktop\git_cmd\git_Practice_cmd>git add text2.txt 
fatal: pathspec 'text2.txt' did not match any files

E:\Desktop\git_cmd\git_Practice_cmd>git add test2.txt 

E:\Desktop\git_cmd\git_Practice_cmd>git status 
On branch main
Your branch is up to date with 'origin/main'.

Changes to be committed:
  (use "git restore --staged <file>..." to unstage)
        new file:   test2.txt


E:\Desktop\git_cmd\git_Practice_cmd>git commit -m "test2.txt file added
[main 0d9c58a] test2.txt file added
 1 file changed, 0 insertions(+), 0 deletions(-)
 create mode 100644 test2.txt

E:\Desktop\git_cmd\git_Practice_cmd>git push origin main
Enumerating objects: 4, done.
Counting objects: 100% (4/4), done.
Delta compression using up to 8 threads
Compressing objects: 100% (2/2), done.
Writing objects: 100% (3/3), 276 bytes | 276.00 KiB/s, done.
Total 3 (delta 0), reused 0 (delta 0), pack-reused 0
To https://github.com/2002mk/git_Practice_cmd.git
   9e04694..0d9c58a  main -> main

E:\Desktop\git_cmd\git_Practice_cmd>git add cmd.txt

E:\Desktop\git_cmd\git_Practice_cmd>git commit -m "terminal commandes"
[main 3961c73] terminal commandes
 1 file changed, 0 insertions(+), 0 deletions(-)
 create mode 100644 cmd.txt

E:\Desktop\git_cmd\git_Practice_cmd>git status
On branch main
Your branch is ahead of 'origin/main' by 1 commit.
  (use "git push" to publish your local commits)

nothing to commit, working tree clean

E:\Desktop\git_cmd\git_Practice_cmd>git push origin main
Enumerating objects: 3, done.
Counting objects: 100% (3/3), done.
Delta compression using up to 8 threads
Compressing objects: 100% (2/2), done.
Writing objects: 100% (2/2), 271 bytes | 271.00 KiB/s, done.
Total 2 (delta 0), reused 0 (delta 0), pack-reused 0
To https://github.com/2002mk/git_Practice_cmd.git
   0d9c58a..3961c73  main -> main
   E:\Desktop\git_cmd\git_Practice_cmd>git add cmd.txt   

E:\Desktop\git_cmd\git_Practice_cmd>git commit -m "added few more commandes"
[main 02fabbf] added few more commandes
 1 file changed, 77 insertions(+)

E:\Desktop\git_cmd\git_Practice_cmd>git push origin main  
Enumerating objects: 5, done.
Counting objects: 100% (5/5), done.
Delta compression using up to 8 threads
Compressing objects: 100% (3/3), done.
Writing objects: 100% (3/3), 1.08 KiB | 1.08 MiB/s, done.
Total 3 (delta 0), reused 0 (delta 0), pack-reused 0
To https://github.com/2002mk/git_Practice_cmd.git
   3961c73..02fabbf  main -> main